nohup: ignoring input
[[1;34mINFO[m] Scanning for projects...
[[1;34mINFO[m] 
[[1;34mINFO[m] [1m-----------------------< [0;36mcom.example:mywebsite[0;1m >------------------------[m
[[1;34mINFO[m] [1mBuilding mywebsite 1.0.0[m
[[1;34mINFO[m]   from pom.xml
[[1;34mINFO[m] [1m--------------------------------[ jar ]---------------------------------[m
[[1;34mINFO[m] 
[[1;34mINFO[m] [1m--- [0;32mclean:3.3.2:clean[m [1m(default-clean)[m @ [36mmywebsite[0;1m ---[m
[[1;34mINFO[m] Deleting /home/dev/mywebsite/target
[[1;34mINFO[m] 
[[1;34mINFO[m] [1m>>> [0;32mspring-boot:3.3.0:run[m [1m(default-cli)[0;1m > [0;1mtest-compile[m @ [36mmywebsite[0;1m >>>[m
[[1;34mINFO[m] 
[[1;34mINFO[m] [1m--- [0;32mresources:3.3.1:resources[m [1m(default-resources)[m @ [36mmywebsite[0;1m ---[m
[[1;34mINFO[m] Copying 1 resource from src/main/resources to target/classes
[[1;34mINFO[m] Copying 10 resources from src/main/resources to target/classes
[[1;34mINFO[m] 
[[1;34mINFO[m] [1m--- [0;32mcompiler:3.13.0:compile[m [1m(default-compile)[m @ [36mmywebsite[0;1m ---[m
[[1;34mINFO[m] Recompiling the module because of [1mchanged source code[m.
[[1;34mINFO[m] Compiling 18 source files with javac [debug parameters release 17] to target/classes
[[1;34mINFO[m] 
[[1;34mINFO[m] [1m--- [0;32mresources:3.3.1:testResources[m [1m(default-testResources)[m @ [36mmywebsite[0;1m ---[m
[[1;34mINFO[m] skip non existing resourceDirectory /home/dev/mywebsite/src/test/resources
[[1;34mINFO[m] 
[[1;34mINFO[m] [1m--- [0;32mcompiler:3.13.0:testCompile[m [1m(default-testCompile)[m @ [36mmywebsite[0;1m ---[m
[[1;34mINFO[m] No sources to compile
[[1;34mINFO[m] 
[[1;34mINFO[m] [1m<<< [0;32mspring-boot:3.3.0:run[m [1m(default-cli)[0;1m < [0;1mtest-compile[m @ [36mmywebsite[0;1m <<<[m
[[1;34mINFO[m] 
[[1;34mINFO[m] 
[[1;34mINFO[m] [1m--- [0;32mspring-boot:3.3.0:run[m [1m(default-cli)[m @ [36mmywebsite[0;1m ---[m
[[1;34mINFO[m] Attaching agents: []
  .   ____          _            __ _ _
 /\\ / ___'_ __ _ _(_)_ __  __ _ \ \ \ \
( ( )\___ | '_ | '_| | '_ \/ _` | \ \ \ \
 \\/  ___)| |_)| | | | | || (_| |  ) ) ) )
  '  |____| .__|_| |_|_| |_\__, | / / / /
 =========|_|==============|___/=/_/_/_/

 :: Spring Boot ::                (v3.3.0)

2026-05-12T16:27:07.433+08:00  INFO 54859 --- [           main] c.e.mywebsite.MywebsiteApplication       : Starting MywebsiteApplication using Java 21.0.11 with PID 54859 (/home/dev/mywebsite/target/classes started by dev in /home/dev/mywebsite)
2026-05-12T16:27:07.435+08:00  INFO 54859 --- [           main] c.e.mywebsite.MywebsiteApplication       : No active profile set, falling back to 1 default profile: "default"
2026-05-12T16:27:07.996+08:00  INFO 54859 --- [           main] .s.d.r.c.RepositoryConfigurationDelegate : Bootstrapping Spring Data JPA repositories in DEFAULT mode.
2026-05-12T16:27:08.041+08:00  INFO 54859 --- [           main] .s.d.r.c.RepositoryConfigurationDelegate : Finished Spring Data repository scanning in 40 ms. Found 5 JPA repository interfaces.
2026-05-12T16:27:08.128+08:00  WARN 54859 --- [           main] o.m.s.mapper.ClassPathMapperScanner      : No MyBatis mapper was found in '[com.example.mywebsite]' package. Please check your configuration.
2026-05-12T16:27:08.432+08:00  INFO 54859 --- [           main] o.s.b.w.embedded.tomcat.TomcatWebServer  : Tomcat initialized with port 8080 (http)
2026-05-12T16:27:08.441+08:00  INFO 54859 --- [           main] o.apache.catalina.core.StandardService   : Starting service [Tomcat]
2026-05-12T16:27:08.442+08:00  INFO 54859 --- [           main] o.apache.catalina.core.StandardEngine    : Starting Servlet engine: [Apache Tomcat/10.1.24]
2026-05-12T16:27:08.476+08:00  INFO 54859 --- [           main] o.a.c.c.C.[Tomcat].[localhost].[/]       : Initializing Spring embedded WebApplicationContext
2026-05-12T16:27:08.476+08:00  INFO 54859 --- [           main] w.s.c.ServletWebServerApplicationContext : Root WebApplicationContext: initialization completed in 1009 ms
2026-05-12T16:27:08.594+08:00  INFO 54859 --- [           main] o.hibernate.jpa.internal.util.LogHelper  : HHH000204: Processing PersistenceUnitInfo [name: default]
2026-05-12T16:27:08.630+08:00  INFO 54859 --- [           main] org.hibernate.Version                    : HHH000412: Hibernate ORM core version 6.5.2.Final
2026-05-12T16:27:08.651+08:00  INFO 54859 --- [           main] o.h.c.internal.RegionFactoryInitiator    : HHH000026: Second-level cache disabled
2026-05-12T16:27:08.860+08:00  INFO 54859 --- [           main] o.s.o.j.p.SpringPersistenceUnitInfo      : No LoadTimeWeaver setup: ignoring JPA class transformer
2026-05-12T16:27:08.877+08:00  INFO 54859 --- [           main] com.zaxxer.hikari.HikariDataSource       : HikariPool-1 - Starting...
2026-05-12T16:27:08.967+08:00  INFO 54859 --- [           main] com.zaxxer.hikari.pool.HikariPool        : HikariPool-1 - Added connection org.sqlite.jdbc4.JDBC4Connection@52f9e8bb
2026-05-12T16:27:08.970+08:00  INFO 54859 --- [           main] com.zaxxer.hikari.HikariDataSource       : HikariPool-1 - Start completed.
2026-05-12T16:27:09.527+08:00  INFO 54859 --- [           main] o.h.e.t.j.p.i.JtaPlatformInitiator       : HHH000489: No JTA platform available (set 'hibernate.transaction.jta.platform' to enable JTA platform integration)
2026-05-12T16:27:09.552+08:00  INFO 54859 --- [           main] j.LocalContainerEntityManagerFactoryBean : Initialized JPA EntityManagerFactory for persistence unit 'default'
2026-05-12T16:27:09.813+08:00  INFO 54859 --- [           main] o.s.d.j.r.query.QueryEnhancerFactory     : Hibernate is in classpath; If applicable, HQL parser will be used.
2026-05-12T16:27:10.076+08:00  WARN 54859 --- [           main] JpaBaseConfiguration$JpaWebConfiguration : spring.jpa.open-in-view is enabled by default. Therefore, database queries may be performed during view rendering. Explicitly configure spring.jpa.open-in-view to disable this warning
2026-05-12T16:27:10.353+08:00  INFO 54859 --- [           main] o.s.b.w.embedded.tomcat.TomcatWebServer  : Tomcat started on port 8080 (http) with context path '/'
2026-05-12T16:27:10.360+08:00  INFO 54859 --- [           main] c.e.mywebsite.MywebsiteApplication       : Started MywebsiteApplication in 3.192 seconds (process running for 3.439)
Hibernate: 
    select
        u1_0.id,
        u1_0.created_at,
        u1_0.is_admin,
        u1_0.is_deleted,
        u1_0.password,
        u1_0.updated_at,
        u1_0.username 
    from
        user u1_0 
    where
        u1_0.username=?
========================================
管理员账号已存在，跳过初始化
========================================
Hibernate: 
    select
        p1_0.id 
    from
        page p1_0 
    where
        p1_0.path=? 
    limit
        ?
Hibernate: 
    select
        count(*) 
    from
        page p1_0
========================================
已初始化 1 个默认页面
========================================
2026-05-12T16:27:11.655+08:00  INFO 54859 --- [nio-8080-exec-1] o.a.c.c.C.[Tomcat].[localhost].[/]       : Initializing Spring DispatcherServlet 'dispatcherServlet'
2026-05-12T16:27:11.655+08:00  INFO 54859 --- [nio-8080-exec-1] o.s.web.servlet.DispatcherServlet        : Initializing Servlet 'dispatcherServlet'
2026-05-12T16:27:11.657+08:00  INFO 54859 --- [nio-8080-exec-1] o.s.web.servlet.DispatcherServlet        : Completed initialization in 1 ms
Hibernate: 
    select
        u1_0.id,
        u1_0.created_at,
        u1_0.is_admin,
        u1_0.is_deleted,
        u1_0.password,
        u1_0.updated_at,
        u1_0.username 
    from
        user u1_0 
    where
        u1_0.username=? 
        and u1_0.is_deleted=?
Hibernate: 
    select
        u1_0.id,
        u1_0.created_at,
        u1_0.is_admin,
        u1_0.is_deleted,
        u1_0.password,
        u1_0.updated_at,
        u1_0.username 
    from
        user u1_0 
    where
        u1_0.username=? 
        and u1_0.is_deleted=?
Hibernate: 
    select
        u1_0.id,
        u1_0.created_at,
        u1_0.is_admin,
        u1_0.is_deleted,
        u1_0.password,
        u1_0.updated_at,
        u1_0.username 
    from
        user u1_0 
    where
        u1_0.username=? 
        and u1_0.is_deleted=?
Hibernate: 
    select
        u1_0.id,
        u1_0.created_at,
        u1_0.is_admin,
        u1_0.is_deleted,
        u1_0.password,
        u1_0.updated_at,
        u1_0.username 
    from
        user u1_0
Hibernate: 
    select
        ug1_0.id,
        ug1_0.group_id,
        ug1_0.user_id 
    from
        user_user_group ug1_0 
    where
        ug1_0.user_id=?
Hibernate: 
    select
        ug1_0.id,
        ug1_0.group_id,
        ug1_0.user_id 
    from
        user_user_group ug1_0 
    where
        ug1_0.user_id=?
Hibernate: 
    select
        g1_0.id,
        g1_0.created_at,
        g1_0.description,
        g1_0.name,
        g1_0.updated_at 
    from
        user_group g1_0 
    where
        g1_0.id in (?)
Hibernate: 
    select
        g1_0.id,
        g1_0.created_at,
        g1_0.description,
        g1_0.name,
        g1_0.updated_at 
    from
        user_group g1_0
Hibernate: 
    select
        g1_0.id,
        g1_0.created_at,
        g1_0.description,
        g1_0.name,
        g1_0.updated_at 
    from
        user_group g1_0
Hibernate: 
    select
        p1_0.id,
        p1_0.created_at,
        p1_0.is_system,
        p1_0.name,
        p1_0.path,
        p1_0.sort_order 
    from
        page p1_0 
    order by
        p1_0.sort_order
Hibernate: 
    select
        gp1_0.id,
        gp1_0.group_id,
        gp1_0.page_id 
    from
        group_permission gp1_0 
    where
        gp1_0.group_id=?
Hibernate: 
    select
        u1_0.id,
        u1_0.created_at,
        u1_0.is_admin,
        u1_0.is_deleted,
        u1_0.password,
        u1_0.updated_at,
        u1_0.username 
    from
        user u1_0
Hibernate: 
    select
        ug1_0.id,
        ug1_0.group_id,
        ug1_0.user_id 
    from
        user_user_group ug1_0 
    where
        ug1_0.user_id=?
Hibernate: 
    select
        ug1_0.id,
        ug1_0.group_id,
        ug1_0.user_id 
    from
        user_user_group ug1_0 
    where
        ug1_0.user_id=?
Hibernate: 
    select
        g1_0.id,
        g1_0.created_at,
        g1_0.description,
        g1_0.name,
        g1_0.updated_at 
    from
        user_group g1_0 
    where
        g1_0.id in (?)
Hibernate: 
    select
        g1_0.id,
        g1_0.created_at,
        g1_0.description,
        g1_0.name,
        g1_0.updated_at 
    from
        user_group g1_0
Hibernate: 
    select
        g1_0.id,
        g1_0.created_at,
        g1_0.description,
        g1_0.name,
        g1_0.updated_at 
    from
        user_group g1_0
Hibernate: 
    select
        p1_0.id,
        p1_0.created_at,
        p1_0.is_system,
        p1_0.name,
        p1_0.path,
        p1_0.sort_order 
    from
        page p1_0 
    order by
        p1_0.sort_order
Hibernate: 
    select
        gp1_0.id,
        gp1_0.group_id,
        gp1_0.page_id 
    from
        group_permission gp1_0 
    where
        gp1_0.group_id=?
Hibernate: 
    select
        u1_0.id,
        u1_0.created_at,
        u1_0.is_admin,
        u1_0.is_deleted,
        u1_0.password,
        u1_0.updated_at,
        u1_0.username 
    from
        user u1_0 
    where
        u1_0.username=? 
        and u1_0.is_deleted=?
Hibernate: 
    select
        u1_0.id,
        u1_0.created_at,
        u1_0.is_admin,
        u1_0.is_deleted,
        u1_0.password,
        u1_0.updated_at,
        u1_0.username 
    from
        user u1_0
Hibernate: 
    select
        ug1_0.id,
        ug1_0.group_id,
        ug1_0.user_id 
    from
        user_user_group ug1_0 
    where
        ug1_0.user_id=?
Hibernate: 
    select
        ug1_0.id,
        ug1_0.group_id,
        ug1_0.user_id 
    from
        user_user_group ug1_0 
    where
        ug1_0.user_id=?
Hibernate: 
    select
        g1_0.id,
        g1_0.created_at,
        g1_0.description,
        g1_0.name,
        g1_0.updated_at 
    from
        user_group g1_0 
    where
        g1_0.id in (?)
Hibernate: 
    select
        g1_0.id,
        g1_0.created_at,
        g1_0.description,
        g1_0.name,
        g1_0.updated_at 
    from
        user_group g1_0
Hibernate: 
    select
        g1_0.id,
        g1_0.created_at,
        g1_0.description,
        g1_0.name,
        g1_0.updated_at 
    from
        user_group g1_0
Hibernate: 
    select
        p1_0.id,
        p1_0.created_at,
        p1_0.is_system,
        p1_0.name,
        p1_0.path,
        p1_0.sort_order 
    from
        page p1_0 
    order by
        p1_0.sort_order
Hibernate: 
    select
        gp1_0.id,
        gp1_0.group_id,
        gp1_0.page_id 
    from
        group_permission gp1_0 
    where
        gp1_0.group_id=?
Hibernate: 
    select
        u1_0.id,
        u1_0.created_at,
        u1_0.is_admin,
        u1_0.is_deleted,
        u1_0.password,
        u1_0.updated_at,
        u1_0.username 
    from
        user u1_0
Hibernate: 
    select
        ug1_0.id,
        ug1_0.group_id,
        ug1_0.user_id 
    from
        user_user_group ug1_0 
    where
        ug1_0.user_id=?
Hibernate: 
    select
        ug1_0.id,
        ug1_0.group_id,
        ug1_0.user_id 
    from
        user_user_group ug1_0 
    where
        ug1_0.user_id=?
Hibernate: 
    select
        g1_0.id,
        g1_0.created_at,
        g1_0.description,
        g1_0.name,
        g1_0.updated_at 
    from
        user_group g1_0 
    where
        g1_0.id in (?)
Hibernate: 
    select
        g1_0.id,
        g1_0.created_at,
        g1_0.description,
        g1_0.name,
        g1_0.updated_at 
    from
        user_group g1_0
Hibernate: 
    select
        g1_0.id,
        g1_0.created_at,
        g1_0.description,
        g1_0.name,
        g1_0.updated_at 
    from
        user_group g1_0
Hibernate: 
    select
        p1_0.id,
        p1_0.created_at,
        p1_0.is_system,
        p1_0.name,
        p1_0.path,
        p1_0.sort_order 
    from
        page p1_0 
    order by
        p1_0.sort_order
Hibernate: 
    select
        gp1_0.id,
        gp1_0.group_id,
        gp1_0.page_id 
    from
        group_permission gp1_0 
    where
        gp1_0.group_id=?
Hibernate: 
    select
        u1_0.id,
        u1_0.created_at,
        u1_0.is_admin,
        u1_0.is_deleted,
        u1_0.password,
        u1_0.updated_at,
        u1_0.username 
    from
        user u1_0
Hibernate: 
    select
        ug1_0.id,
        ug1_0.group_id,
        ug1_0.user_id 
    from
        user_user_group ug1_0 
    where
        ug1_0.user_id=?
Hibernate: 
    select
        ug1_0.id,
        ug1_0.group_id,
        ug1_0.user_id 
    from
        user_user_group ug1_0 
    where
        ug1_0.user_id=?
Hibernate: 
    select
        g1_0.id,
        g1_0.created_at,
        g1_0.description,
        g1_0.name,
        g1_0.updated_at 
    from
        user_group g1_0 
    where
        g1_0.id in (?)
Hibernate: 
    select
        g1_0.id,
        g1_0.created_at,
        g1_0.description,
        g1_0.name,
        g1_0.updated_at 
    from
        user_group g1_0
Hibernate: 
    select
        g1_0.id,
        g1_0.created_at,
        g1_0.description,
        g1_0.name,
        g1_0.updated_at 
    from
        user_group g1_0
Hibernate: 
    select
        p1_0.id,
        p1_0.created_at,
        p1_0.is_system,
        p1_0.name,
        p1_0.path,
        p1_0.sort_order 
    from
        page p1_0 
    order by
        p1_0.sort_order
Hibernate: 
    select
        gp1_0.id,
        gp1_0.group_id,
        gp1_0.page_id 
    from
        group_permission gp1_0 
    where
        gp1_0.group_id=?
Hibernate: 
    select
        g1_0.id,
        g1_0.created_at,
        g1_0.description,
        g1_0.name,
        g1_0.updated_at 
    from
        user_group g1_0
Hibernate: 
    select
        u1_0.id,
        u1_0.created_at,
        u1_0.is_admin,
        u1_0.is_deleted,
        u1_0.password,
        u1_0.updated_at,
        u1_0.username 
    from
        user u1_0
Hibernate: 
    select
        ug1_0.id,
        ug1_0.group_id,
        ug1_0.user_id 
    from
        user_user_group ug1_0 
    where
        ug1_0.user_id=?
Hibernate: 
    select
        ug1_0.id,
        ug1_0.group_id,
        ug1_0.user_id 
    from
        user_user_group ug1_0 
    where
        ug1_0.user_id=?
Hibernate: 
    select
        g1_0.id,
        g1_0.created_at,
        g1_0.description,
        g1_0.name,
        g1_0.updated_at 
    from
        user_group g1_0 
    where
        g1_0.id in (?)
Hibernate: 
    select
        g1_0.id,
        g1_0.created_at,
        g1_0.description,
        g1_0.name,
        g1_0.updated_at 
    from
        user_group g1_0
Hibernate: 
    select
        g1_0.id,
        g1_0.created_at,
        g1_0.description,
        g1_0.name,
        g1_0.updated_at 
    from
        user_group g1_0
Hibernate: 
    select
        p1_0.id,
        p1_0.created_at,
        p1_0.is_system,
        p1_0.name,
        p1_0.path,
        p1_0.sort_order 
    from
        page p1_0 
    order by
        p1_0.sort_order
Hibernate: 
    select
        gp1_0.id,
        gp1_0.group_id,
        gp1_0.page_id 
    from
        group_permission gp1_0 
    where
        gp1_0.group_id=?
Hibernate: 
    select
        g1_0.id,
        g1_0.created_at,
        g1_0.description,
        g1_0.name,
        g1_0.updated_at 
    from
        user_group g1_0
Hibernate: 
    select
        u1_0.id,
        u1_0.created_at,
        u1_0.is_admin,
        u1_0.is_deleted,
        u1_0.password,
        u1_0.updated_at,
        u1_0.username 
    from
        user u1_0
Hibernate: 
    select
        ug1_0.id,
        ug1_0.group_id,
        ug1_0.user_id 
    from
        user_user_group ug1_0 
    where
        ug1_0.user_id=?
Hibernate: 
    select
        ug1_0.id,
        ug1_0.group_id,
        ug1_0.user_id 
    from
        user_user_group ug1_0 
    where
        ug1_0.user_id=?
Hibernate: 
    select
        g1_0.id,
        g1_0.created_at,
        g1_0.description,
        g1_0.name,
        g1_0.updated_at 
    from
        user_group g1_0 
    where
        g1_0.id in (?)
Hibernate: 
    select
        g1_0.id,
        g1_0.created_at,
        g1_0.description,
        g1_0.name,
        g1_0.updated_at 
    from
        user_group g1_0
Hibernate: 
    select
        p1_0.id,
        p1_0.created_at,
        p1_0.is_system,
        p1_0.name,
        p1_0.path,
        p1_0.sort_order 
    from
        page p1_0 
    order by
        p1_0.sort_order
Hibernate: 
    select
        gp1_0.id,
        gp1_0.group_id,
        gp1_0.page_id 
    from
        group_permission gp1_0 
    where
        gp1_0.group_id=?
Hibernate: 
    select
        g1_0.id,
        g1_0.created_at,
        g1_0.description,
        g1_0.name,
        g1_0.updated_at 
    from
        user_group g1_0
Hibernate: 
    select
        count(*) 
    from
        user_group g1_0 
    where
        g1_0.id=?
Hibernate: 
    delete 
    from
        user_user_group 
    where
        group_id=?
Hibernate: 
    select
        g1_0.id,
        g1_0.created_at,
        g1_0.description,
        g1_0.name,
        g1_0.updated_at 
    from
        user_group g1_0 
    where
        g1_0.id=?
Hibernate: 
    delete 
    from
        user_group 
    where
        id=?
Hibernate: 
    select
        g1_0.id,
        g1_0.created_at,
        g1_0.description,
        g1_0.name,
        g1_0.updated_at 
    from
        user_group g1_0
Hibernate: 
    select
        g1_0.id,
        g1_0.created_at,
        g1_0.description,
        g1_0.name,
        g1_0.updated_at 
    from
        user_group g1_0
Hibernate: 
    select
        p1_0.id,
        p1_0.created_at,
        p1_0.is_system,
        p1_0.name,
        p1_0.path,
        p1_0.sort_order 
    from
        page p1_0 
    order by
        p1_0.sort_order
Hibernate: 
    select
        u1_0.id,
        u1_0.created_at,
        u1_0.is_admin,
        u1_0.is_deleted,
        u1_0.password,
        u1_0.updated_at,
        u1_0.username 
    from
        user u1_0
Hibernate: 
    select
        ug1_0.id,
        ug1_0.group_id,
        ug1_0.user_id 
    from
        user_user_group ug1_0 
    where
        ug1_0.user_id=?
Hibernate: 
    select
        ug1_0.id,
        ug1_0.group_id,
        ug1_0.user_id 
    from
        user_user_group ug1_0 
    where
        ug1_0.user_id=?
Hibernate: 
    select
        g1_0.id,
        g1_0.created_at,
        g1_0.description,
        g1_0.name,
        g1_0.updated_at 
    from
        user_group g1_0
Hibernate: 
    select
        g1_0.id,
        g1_0.created_at,
        g1_0.description,
        g1_0.name,
        g1_0.updated_at 
    from
        user_group g1_0
Hibernate: 
    select
        p1_0.id,
        p1_0.created_at,
        p1_0.is_system,
        p1_0.name,
        p1_0.path,
        p1_0.sort_order 
    from
        page p1_0 
    order by
        p1_0.sort_order
Hibernate: 
    select
        g1_0.id,
        g1_0.created_at,
        g1_0.description,
        g1_0.name,
        g1_0.updated_at 
    from
        user_group g1_0
Hibernate: 
    select
        u1_0.id,
        u1_0.created_at,
        u1_0.is_admin,
        u1_0.is_deleted,
        u1_0.password,
        u1_0.updated_at,
        u1_0.username 
    from
        user u1_0
Hibernate: 
    select
        ug1_0.id,
        ug1_0.group_id,
        ug1_0.user_id 
    from
        user_user_group ug1_0 
    where
        ug1_0.user_id=?
Hibernate: 
    select
        ug1_0.id,
        ug1_0.group_id,
        ug1_0.user_id 
    from
        user_user_group ug1_0 
    where
        ug1_0.user_id=?
Hibernate: 
    select
        g1_0.id,
        g1_0.created_at,
        g1_0.description,
        g1_0.name,
        g1_0.updated_at 
    from
        user_group g1_0
Hibernate: 
    select
        g1_0.id,
        g1_0.created_at,
        g1_0.description,
        g1_0.name,
        g1_0.updated_at 
    from
        user_group g1_0
Hibernate: 
    select
        p1_0.id,
        p1_0.created_at,
        p1_0.is_system,
        p1_0.name,
        p1_0.path,
        p1_0.sort_order 
    from
        page p1_0 
    order by
        p1_0.sort_order
Hibernate: 
    select
        g1_0.id,
        g1_0.created_at,
        g1_0.description,
        g1_0.name,
        g1_0.updated_at 
    from
        user_group g1_0
Hibernate: 
    select
        u1_0.id,
        u1_0.created_at,
        u1_0.is_admin,
        u1_0.is_deleted,
        u1_0.password,
        u1_0.updated_at,
        u1_0.username 
    from
        user u1_0
Hibernate: 
    select
        ug1_0.id,
        ug1_0.group_id,
        ug1_0.user_id 
    from
        user_user_group ug1_0 
    where
        ug1_0.user_id=?
Hibernate: 
    select
        ug1_0.id,
        ug1_0.group_id,
        ug1_0.user_id 
    from
        user_user_group ug1_0 
    where
        ug1_0.user_id=?
Hibernate: 
    select
        u1_0.id,
        u1_0.created_at,
        u1_0.is_admin,
        u1_0.is_deleted,
        u1_0.password,
        u1_0.updated_at,
        u1_0.username 
    from
        user u1_0 
    where
        u1_0.username=? 
        and u1_0.is_deleted=?
2026-05-12T16:33:13.480+08:00  INFO 54859 --- [ionShutdownHook] j.LocalContainerEntityManagerFactoryBean : Closing JPA EntityManagerFactory for persistence unit 'default'
2026-05-12T16:33:13.482+08:00  INFO 54859 --- [ionShutdownHook] com.zaxxer.hikari.HikariDataSource       : HikariPool-1 - Shutdown initiated...
2026-05-12T16:33:13.489+08:00  INFO 54859 --- [ionShutdownHook] com.zaxxer.hikari.HikariDataSource       : HikariPool-1 - Shutdown completed.
